// Jest Snapshot v1, https://goo.gl/fbAQLP

exports[`should render correctly 1`] = `
<div>
  <button
    className="sc-htpNat iPErUs btn btn-link"
    disabled={false}
    onClick={[Function]}
    type="button"
  >
    <h4
      className="sc-bdVaJa bcSwbK"
    >
      Test
      <i
        className="fas fa-angle-right sc-bwzfXH dSpMtd"
        role="presentation"
      />
    </h4>
  </button>
  <div
    aria-expanded={null}
    className="collapse row"
  >
    <div
      className="col-xs-12"
    >
      <h3>
        test
      </h3>
    </div>
  </div>
</div>
`;
