// Jest Snapshot v1, https://goo.gl/fbAQLP

exports[`HeadersField should match the previous snapshot 1`] = `
<div>
  <button
    className="sc-htpNat iPErUs btn btn-link"
    disabled={false}
    onClick={[Function]}
    type="button"
  >
    <h4
      className="sc-bdVaJa bcSwbK"
    >
      Headers
      <i
        className="fas fa-angle-right sc-bwzfXH dSpMtd"
        role="presentation"
      />
    </h4>
  </button>
  <div
    aria-expanded={null}
    className="collapse row"
  >
    <div
      className="col-xs-12"
    >
      <div
        className="form-group"
      >
        <div
          className="col-xs-5"
        >
          <div
            className="sc-gZMcBi iBnJdD"
          >
            <div
              className="react-autosuggest__container"
            >
              <input
                aria-activedescendant={null}
                aria-autocomplete="list"
                aria-expanded={false}
                aria-owns="react-autowhatever-1"
                autoComplete="off"
                className="react-autosuggest__input form-control"
                name="[object Object].name"
                onBlur={[Function]}
                onChange={[Function]}
                onDragStart={[Function]}
                onDrop={[Function]}
                onFocus={[Function]}
                onKeyDown={[Function]}
                placeholder="Name"
                role="combobox"
                type="text"
                value=""
              />
              <div
                className="react-autosuggest__suggestions-container"
                id="react-autowhatever-1"
              />
            </div>
          </div>
        </div>
        <div
          className="col-xs-5"
        >
          <input
            className="form-control"
            id="header.[object Object]"
            name="[object Object].value"
            onBlur={[Function]}
            onChange={[Function]}
            onDragStart={[Function]}
            onDrop={[Function]}
            onFocus={[Function]}
            placeholder="Value"
            type="text"
            value=""
          />
        </div>
        <div
          className="col-xs-2"
        >
          <button
            className="sc-dnqmqq gktkBI sc-bxivhb cnFuVL"
            id="removeHeaderButton0"
            onClick={[Function]}
            onMouseEnter={[Function]}
            onMouseLeave={[Function]}
          >
            <div
              className="sc-ifAKCX fQgDUr"
            >
              <div
                className="sc-EHOje ddddKN"
              />
              <span
                className="sc-bZQynM kagPRr"
              >
                Remove header
              </span>
            </div>
            <i
              className="fas fa-trash"
              role="presentation"
            />
          </button>
        </div>
      </div>
      <div
        className="form-group"
      >
        <div
          className="col-xs-5"
        >
          <div
            className="sc-gZMcBi iBnJdD"
          >
            <div
              className="react-autosuggest__container"
            >
              <input
                aria-activedescendant={null}
                aria-autocomplete="list"
                aria-expanded={false}
                aria-owns="react-autowhatever-1"
                autoComplete="off"
                className="react-autosuggest__input form-control"
                name="[object Object].name"
                onBlur={[Function]}
                onChange={[Function]}
                onDragStart={[Function]}
                onDrop={[Function]}
                onFocus={[Function]}
                onKeyDown={[Function]}
                placeholder="Name"
                role="combobox"
                type="text"
                value=""
              />
              <div
                className="react-autosuggest__suggestions-container"
                id="react-autowhatever-1"
              />
            </div>
          </div>
        </div>
        <div
          className="col-xs-5"
        >
          <input
            className="form-control"
            id="header.[object Object]"
            name="[object Object].value"
            onBlur={[Function]}
            onChange={[Function]}
            onDragStart={[Function]}
            onDrop={[Function]}
            onFocus={[Function]}
            placeholder="Value"
            type="text"
            value=""
          />
        </div>
        <div
          className="col-xs-2"
        >
          <button
            className="sc-dnqmqq gktkBI sc-bxivhb cnFuVL"
            id="removeHeaderButton1"
            onClick={[Function]}
            onMouseEnter={[Function]}
            onMouseLeave={[Function]}
          >
            <div
              className="sc-ifAKCX fQgDUr"
            >
              <div
                className="sc-EHOje ddddKN"
              />
              <span
                className="sc-bZQynM kagPRr"
              >
                Remove header
              </span>
            </div>
            <i
              className="fas fa-trash"
              role="presentation"
            />
          </button>
        </div>
      </div>
      <div
        className="form-group"
      >
        <div
          className="col-xs-5"
        >
          <div
            className="sc-gZMcBi iBnJdD"
          >
            <div
              className="react-autosuggest__container"
            >
              <input
                aria-activedescendant={null}
                aria-autocomplete="list"
                aria-expanded={false}
                aria-owns="react-autowhatever-1"
                autoComplete="off"
                className="react-autosuggest__input form-control"
                name="[object Object].name"
                onBlur={[Function]}
                onChange={[Function]}
                onDragStart={[Function]}
                onDrop={[Function]}
                onFocus={[Function]}
                onKeyDown={[Function]}
                placeholder="Name"
                role="combobox"
                type="text"
                value=""
              />
              <div
                className="react-autosuggest__suggestions-container"
                id="react-autowhatever-1"
              />
            </div>
          </div>
        </div>
        <div
          className="col-xs-5"
        >
          <input
            className="form-control"
            id="header.[object Object]"
            name="[object Object].value"
            onBlur={[Function]}
            onChange={[Function]}
            onDragStart={[Function]}
            onDrop={[Function]}
            onFocus={[Function]}
            placeholder="Value"
            type="text"
            value=""
          />
        </div>
        <div
          className="col-xs-2"
        >
          <button
            className="sc-dnqmqq gktkBI sc-bxivhb cnFuVL"
            id="removeHeaderButton2"
            onClick={[Function]}
            onMouseEnter={[Function]}
            onMouseLeave={[Function]}
          >
            <div
              className="sc-ifAKCX fQgDUr"
            >
              <div
                className="sc-EHOje ddddKN"
              />
              <span
                className="sc-bZQynM kagPRr"
              >
                Remove header
              </span>
            </div>
            <i
              className="fas fa-trash"
              role="presentation"
            />
          </button>
        </div>
      </div>
      <div
        className="row"
      >
        <div
          className="col-xs-12"
        >
          <button
            className="sc-htoDjs lagtJi btn btn-link"
            disabled={false}
            id="addHeaderButton"
            onClick={[Function]}
            type="button"
          >
            <i
              className="fas fa-plus"
              role="presentation"
            />
            Add header
          </button>
        </div>
      </div>
    </div>
  </div>
</div>
`;
