// Jest Snapshot v1, https://goo.gl/fbAQLP

exports[`should render correctly 1`] = `
<div
  className="panel panel-default"
>
  <div
    className="panel-heading"
  >
    <div
      className="sc-gZMcBi kWnQrH clearfix"
    >
      <h2
        className="pull-left"
      >
        Request
      </h2>
      <button
        className="pull-right hidden-xs sc-bZQynM jYuQaZ"
        onClick={[Function]}
        onMouseEnter={[Function]}
        onMouseLeave={[Function]}
      >
        <div
          className="sc-gzVnrw jkZMEg"
        >
          <div
            className="sc-htoDjs iTnqOg"
          />
          <span
            className="sc-dnqmqq jGQnGF"
          >
            Add to collection
          </span>
        </div>
        <i
          className="fas fa-plus"
          role="presentation"
        />
      </button>
      <button
        className="pull-right sc-bZQynM jYuQaZ"
        onClick={[Function]}
        onMouseEnter={[Function]}
        onMouseLeave={[Function]}
      >
        <div
          className="sc-gzVnrw jkZMEg"
        >
          <div
            className="sc-htoDjs iTnqOg"
          />
          <span
            className="sc-dnqmqq jGQnGF"
          >
            Options
          </span>
        </div>
        <i
          className="fas fa-cogs"
          role="presentation"
        />
      </button>
      <button
        className="pull-right hidden-xs sc-bZQynM jYuQaZ"
        onClick={[Function]}
        onMouseEnter={[Function]}
        onMouseLeave={[Function]}
      >
        <div
          className="sc-gzVnrw jkZMEg"
        >
          <div
            className="sc-htoDjs iTnqOg"
          />
          <span
            className="sc-dnqmqq jGQnGF"
          >
            Hide collections
          </span>
        </div>
        <i
          className="fas fa-expand"
          role="presentation"
        />
      </button>
    </div>
  </div>
  <div
    className="panel-body"
  >
    <form
      className="form-horizontal"
      onSubmit={[Function]}
    >
      <div
        className="form-group"
      >
        <label
          className="col-sm-2 control-label"
          htmlFor="url"
        >
          URL
        </label>
        <div
          className="col-sm-10"
        >
          <input
            autoFocus={true}
            className="form-control"
            id="url"
            name="url"
            onBlur={[Function]}
            onChange={[Function]}
            onDragStart={[Function]}
            onDrop={[Function]}
            onFocus={[Function]}
            placeholder={undefined}
            type="text"
            value=""
          />
        </div>
      </div>
      <div
        className="form-group"
      >
        <label
          className="col-sm-2 control-label"
          htmlFor="method"
        >
          Method
        </label>
        <div
          className="col-sm-7"
        >
          <div
            className="row"
          >
            <div
              className="col-xs-6"
            >
              <select
                className="form-control"
                id="method"
                name="method"
                onBlur={[Function]}
                onChange={[Function]}
                onDragStart={[Function]}
                onDrop={[Function]}
                onFocus={[Function]}
                placeholder="Method"
                type={undefined}
                value="CUSTOM"
              >
                <option
                  value="GET"
                >
                  GET
                </option>
                <option
                  value="POST"
                >
                  POST
                </option>
                <option
                  value="PUT"
                >
                  PUT
                </option>
                <option
                  value="DELETE"
                >
                  DELETE
                </option>
                <option
                  value="PATCH"
                >
                  PATCH
                </option>
                <option
                  value="HEAD"
                >
                  HEAD
                </option>
                <option
                  value="JSONP"
                >
                  JSONP
                </option>
                <option
                  value="CUSTOM"
                >
                  CUSTOM
                </option>
              </select>
            </div>
            <div
              className="col-xs-6"
            >
              <input
                className="form-control"
                id="method"
                name="method"
                onBlur={[Function]}
                onChange={[Function]}
                onDragStart={[Function]}
                onDrop={[Function]}
                onFocus={[Function]}
                type={undefined}
                value=""
              />
            </div>
          </div>
        </div>
        <div
          className="col-sm-3"
        >
          <button
            className="btn btn-primary"
            disabled={false}
            type="submit"
          >
            Send request
          </button>
        </div>
      </div>
      <div>
        <button
          className="sc-htpNat iPErUs btn btn-link"
          disabled={false}
          onClick={[Function]}
          type="button"
        >
          <h4
            className="sc-bdVaJa bcSwbK"
          >
            Headers
            <i
              className="fas fa-angle-right sc-bwzfXH dSpMtd"
              role="presentation"
            />
          </h4>
        </button>
        <div
          aria-expanded={null}
          className="collapse row"
        >
          <div
            className="col-xs-12"
          >
            <div
              className="row"
            >
              <div
                className="col-xs-12"
              >
                <button
                  className="sc-gqjmRU ivCeJB btn btn-link"
                  disabled={false}
                  id="addHeaderButton"
                  onClick={[Function]}
                  type="button"
                >
                  <i
                    className="fas fa-plus"
                    role="presentation"
                  />
                  Add header
                </button>
              </div>
            </div>
          </div>
        </div>
      </div>
      <div>
        <button
          className="sc-htpNat iPErUs btn btn-link"
          disabled={false}
          onClick={[Function]}
          type="button"
        >
          <h4
            className="sc-bdVaJa bcSwbK"
          >
            Authentication
            <i
              className="fas fa-angle-right sc-bwzfXH dSpMtd"
              role="presentation"
            />
          </h4>
        </button>
        <div
          aria-expanded={null}
          className="collapse row"
        >
          <div
            className="col-xs-12"
          >
            <div
              className="form-group"
            >
              <label
                className="col-xs-2 control-label"
                htmlFor="auth"
              >
                Type
              </label>
              <div
                className="col-xs-8"
              >
                <select
                  className="form-control"
                  id="auth"
                  name="auth.type"
                  onBlur={[Function]}
                  onChange={[Function]}
                  onDragStart={[Function]}
                  onDrop={[Function]}
                  onFocus={[Function]}
                  placeholder="Authentication type"
                  type={undefined}
                  value="disabled"
                >
                  <option
                    value="disabled"
                  >
                    Disabled
                  </option>
                  <option
                    value="basic"
                  >
                    Basic
                  </option>
                  <option
                    value="apsToken"
                  >
                    APS Token
                  </option>
                  <option
                    value="oauth1"
                  >
                    OAuth 1.0a
                  </option>
                </select>
              </div>
            </div>
          </div>
        </div>
      </div>
      <div>
        <button
          className="sc-htpNat iPErUs btn btn-link"
          disabled={false}
          onClick={[Function]}
          type="button"
        >
          <h4
            className="sc-bdVaJa bcSwbK"
          >
            Request body
            <i
              className="fas fa-angle-right sc-bwzfXH dSpMtd"
              role="presentation"
            />
          </h4>
        </button>
        <div
          aria-expanded={null}
          className="collapse row"
        >
          <div
            className="col-xs-12"
          >
            <div
              className="form-group"
            >
              <label
                className="col-xs-2 control-label"
                htmlFor="bodyType"
              >
                Type
              </label>
              <div
                className="col-xs-8"
              >
                <select
                  className="form-control"
                  id="bodyType"
                  name="bodyType"
                  onBlur={[Function]}
                  onChange={[Function]}
                  onDragStart={[Function]}
                  onDrop={[Function]}
                  onFocus={[Function]}
                  placeholder="Body type"
                  type={undefined}
                  value="json"
                >
                  <option
                    value="custom"
                  >
                    Custom
                  </option>
                  <option
                    value="json"
                  >
                    JSON
                  </option>
                  <option
                    value="multipart"
                  >
                    Multipart form data
                  </option>
                  <option
                    value="urlencoded"
                  >
                    URLencoded form data
                  </option>
                </select>
              </div>
            </div>
            <div
              className="sc-jTzLTM gveISI"
            >
              <div
                className="row"
              >
                <div
                  className="col-xs-12"
                >
                  <button
                    className="sc-gqjmRU ivCeJB btn btn-link"
                    disabled={false}
                    id="addParameter"
                    onClick={[Function]}
                    type="button"
                  >
                    <i
                      className="fas fa-plus"
                      role="presentation"
                    />
                    Add parameter
                  </button>
                </div>
              </div>
            </div>
          </div>
        </div>
      </div>
    </form>
  </div>
</div>
`;
