// Jest Snapshot v1, https://goo.gl/fbAQLP

exports[`Loading matches the previous snapshot 1`] = `
<div
  className="text-center col-xs-12"
>
  <i
    className="fas fa-circle-notch fa-spin fa-9x sc-bwzfXH giRnEj"
    role="presentation"
  />
</div>
`;
