// Jest Snapshot v1, https://goo.gl/fbAQLP

exports[`response component renders a result when given one 1`] = `
<div
  className="sc-bdVaJa dwrHNK panel panel-default"
>
  <div
    className="panel-heading"
  >
    <div
      className="sc-htpNat gBkAzt"
    >
      <h3>
        Response (
        0.123s
        ) -
         
        <a
          className="text-muted"
          href="http://example.com"
          rel="noopener noreferrer"
          target="_blank"
        >
          http://example.com
        </a>
      </h3>
    </div>
  </div>
  <div
    className="panel-body"
  >
    <h3>
      <span
        className="sc-bxivhb hPXgMN"
      >
        200
      </span>
      <small>
         
        OK
      </small>
    </h3>
    <div>
      <button
        className="sc-gzVnrw JHKFV btn btn-link"
        disabled={false}
        onClick={[Function]}
        type="button"
      >
        <h4
          className="sc-EHOje LDHyT"
        >
          Headers
          <i
            className="fas fa-angle-right sc-bZQynM jDdTPr"
            role="presentation"
          />
        </h4>
      </button>
      <div
        aria-expanded={null}
        className="collapse row"
      >
        <div
          className="col-xs-12"
        />
      </div>
    </div>
  </div>
</div>
`;

exports[`response component renders nothing given no props 1`] = `null`;
